node.exe : FAIL src/t
ests/sweets.test.js 
(5.804 s)
At C:\Users\DELL\AppD
ata\Roaming\npm\npx.p
s1:24 char:5
+     & "node$exe"  "
$basedir/node_modules
/npm/bin/npx-cli.js" 
$args
+     ~~~~~~~~~~~~~~~
~~~~~~~~~~~~~~~~~~~~~
~~~~~~~~~~~~~~~~~~~~~
~~~~~
    + CategoryInfo   
           : NotSpe  
  cified: (FAIL sr   
 c/tests/sweets.t    
est.js (5.804 s)    
:String) [], Rem    
oteException
    + FullyQualified 
   ErrorId : Native  
  CommandError
 
  ΓùÅ Console

    console.log
      
[dotenv@17.2.3] 
injecting env (6) 
from .env -- tip: 
≡ƒöæ add access 
controls to secrets: 
https://dotenvx.com/o
ps

      at _log (node_m
odules/dotenv/lib/mai
n.js:142:11)

    console.log
      
[dotenv@17.2.3] 
injecting env (0) 
from .env -- tip: 
≡ƒöÉ prevent 
building .env in 
docker: https://doten
vx.com/prebuild

      at _log (node_m
odules/dotenv/lib/mai
n.js:142:11)

  ΓùÅ Sweets API - 
View Sweets ΓÇ║ 
should return empty 
array when no sweets 
exist

    expect(received).
toBe(expected) // 
Object.is equality

    Expected: 200
    Received: 401

    [0m [90m 33 
|[39m       [33m.[
39m[36mset[39m([32
m"Authorization"[39m
[33m,[39m 
[32m`Bearer ${token}
`[39m)[33m;[39m
     [90m 34 |[39m
    [31m[1m>[22m[
39m[90m 35 |[39m   
  expect(res[33m.[3
9mstatusCode)[33m.[
39mtoBe([35m200[39m
)[33m;[39m
     [90m    |[39m 
                     
      
[31m[1m^[22m[39m
     [90m 36 |[39m 
    expect(res[33m.
[39mbody)[33m.[39mt
oEqual([])[33m;[39m
     [90m 37 |[39m 
  })[33m;[39m
     [90m 38 
|[39m[0m

      at Object.toBe 
(src/tests/sweets.tes
t.js:35:28)

  ΓùÅ Sweets API - 
View Sweets ΓÇ║ 
should allow admin 
to add a new sweet

    expect(received).
toBe(expected) // 
Object.is equality

    Expected: 201
    Received: 401

    [0m [90m 53 
|[39m       
})[33m;[39m
     [90m 54 |[39m
    [31m[1m>[22m[
39m[90m 55 |[39m   
  expect(res[33m.[3
9mstatusCode)[33m.[
39mtoBe([35m201[39m
)[33m;[39m
     [90m    |[39m 
                     
      
[31m[1m^[22m[39m
     [90m 56 |[39m 
  })[33m;[39m
     [90m 57 |[39m
     [90m 58 |[39m 
  it([32m"should 
block non-admin 
users from adding a s
weet"[39m[33m,[39m
 [36masync[39m () 
[33m=>[39m {[0m

      at Object.toBe 
(src/tests/sweets.tes
t.js:55:28)

  ΓùÅ Sweets API - 
View Sweets ΓÇ║ 
should block 
non-admin users from 
adding a sweet

    expect(received).
toBe(expected) // 
Object.is equality

    Expected: 403
    Received: 401

    [0m [90m 72 
|[39m       
})[33m;[39m
     [90m 73 |[39m
    [31m[1m>[22m[
39m[90m 74 |[39m   
  expect(res[33m.[3
9mstatusCode)[33m.[
39mtoBe([35m403[39m
)[33m;[39m
     [90m    |[39m 
                     
      
[31m[1m^[22m[39m
     [90m 75 |[39m 
  })[33m;[39m
     [90m 76 |[39m
     [90m 77 |[39m 
  it([32m"should 
allow admin to 
update a sweet"[39m
[33m,[39m 
[36masync[39m () 
[33m=>[39m {[0m

      at Object.toBe 
(src/tests/sweets.tes
t.js:74:28)

  ΓùÅ Sweets API - 
View Sweets ΓÇ║ 
should allow admin 
to update a sweet

    expect(received).
toBe(expected) // 
Object.is equality

    Expected: 201
    Received: 401

    [0m [90m 91 
|[39m       
})[33m;[39m
     [90m 92 |[39m
    [31m[1m>[22m[
39m[90m 93 |[39m   
  expect(createRes[3
3m.[39mstatusCode)[
33m.[39mtoBe([35m20
1[39m)[33m;[39m
     [90m    |[39m 
                     
            
[31m[1m^[22m[39m
     [90m 94 |[39m
     [90m 95 |[39m 
    [36mconst[39m 
getRes [33m=[39m 
[36mawait[39m 
request(app)
     [90m 96 |[39m 
      [33m.[39m[36
mget[39m([32m"/api/
sweets"[39m)[0m

      at Object.toBe 
(src/tests/sweets.tes
t.js:93:34)

  ΓùÅ Sweets API - 
View Sweets ΓÇ║ 
should allow admin 
to update a sweet

    expect(received).
toBe(expected) // 
Object.is equality

    Expected: 201
    Received: 401

    [0m [90m 126 
|[39m       
})[33m;[39m
     [90m 127 |[39m
    [31m[1m>[22m[
39m[90m 128 |[39m  
   expect(createRes[
33m.[39mstatusCode)
[33m.[39mtoBe([35m2
01[39m)[33m;[39m
     [90m     
|[39m               
                   
[31m[1m^[22m[39m
     [90m 129 |[39m
     [90m 130 
|[39m     
[36mconst[39m 
getRes [33m=[39m 
[36mawait[39m 
request(app)
     [90m 131 
|[39m       [33m.[
39m[36mget[39m([32
m"/api/sweets"[39m)
[0m

      at Object.toBe 
(src/tests/sweets.tes
t.js:128:34)

  ΓùÅ Sweets API - 
View Sweets ΓÇ║ 
should allow admin 
to delete a sweet

    TypeError: 
Cannot read 
properties of 
undefined (reading 
'_id')

    [0m [90m 165 
|[39m       [33m.[
39m[36mset[39m([32
m"Authorization"[39m
[33m,[39m 
[32m`Bearer ${adminT
oken}`[39m)[33m;[3
9m
     [90m 166 |[39m
    [31m[1m>[22m[
39m[90m 167 |[39m  
   [36mconst[39m 
sweetId [33m=[39m s
weetsRes[33m.[39mbo
dy[[35m0[39m][33m.
[39m_id[33m;[39m
     [90m     
|[39m               
                     
   
[31m[1m^[22m[39m
     [90m 168 |[39m
     [90m 169 
|[39m     
[36mconst[39m 
deleteRes 
[33m=[39m 
[36mawait[39m 
request(app)
     [90m 170 
|[39m       [33m.[
39m[36mdelete[39m(
[32m`/api/sweets/${sw
eetId}`[39m)[0m

      at Object._id (
src/tests/sweets.test
.js:167:39)

  ΓùÅ Sweets API - 
View Sweets ΓÇ║ 
should block 
non-admin users from 
deleting a sweet

    TypeError: 
Cannot read 
properties of 
undefined (reading 
'_id')

    [0m [90m 205 
|[39m       [33m.[
39m[36mset[39m([32
m"Authorization"[39m
[33m,[39m 
[32m`Bearer ${adminT
oken}`[39m)[33m;[3
9m
     [90m 206 |[39m
    [31m[1m>[22m[
39m[90m 207 |[39m  
   [36mconst[39m 
sweetId [33m=[39m s
weetsRes[33m.[39mbo
dy[[35m0[39m][33m.
[39m_id[33m;[39m
     [90m     
|[39m               
                     
   
[31m[1m^[22m[39m
     [90m 208 |[39m
     [90m 209 
|[39m     
[36mconst[39m res 
[33m=[39m 
[36mawait[39m 
request(app)
     [90m 210 
|[39m       [33m.[
39m[36mdelete[39m(
[32m`/api/sweets/${sw
eetId}`[39m)[0m

      at Object._id (
src/tests/sweets.test
.js:207:39)

  ΓùÅ Sweets API - 
View Sweets ΓÇ║ 
should allow user to 
purchase a sweet and 
reduce quantity

    TypeError: 
Cannot read 
properties of 
undefined (reading 
'_id')

    [0m [90m 239 
|[39m       [33m.[
39m[36mset[39m([32
m"Authorization"[39m
[33m,[39m 
[32m`Bearer ${userTo
ken}`[39m)[33m;[39
m
     [90m 240 |[39m
    [31m[1m>[22m[
39m[90m 241 |[39m  
   [36mconst[39m 
sweetId [33m=[39m s
weetsRes[33m.[39mbo
dy[[35m0[39m][33m.
[39m_id[33m;[39m
     [90m     
|[39m               
                     
   
[31m[1m^[22m[39m
     [90m 242 |[39m
     [90m 243 
|[39m     
[36mconst[39m 
purchaseRes 
[33m=[39m 
[36mawait[39m 
request(app)
     [90m 244 
|[39m       [33m.[
39mpost([32m`/api/sw
eets/${sweetId}/purch
ase`[39m)[0m

      at Object._id (
src/tests/sweets.test
.js:241:39)

  ΓùÅ Sweets API - 
View Sweets ΓÇ║ 
should not allow 
purchase if quantity 
is insufficient

    TypeError: 
Cannot read 
properties of 
undefined (reading 
'_id')

    [0m [90m 280 
|[39m       [33m.[
39m[36mset[39m([32
m"Authorization"[39m
[33m,[39m 
[32m`Bearer ${userTo
ken}`[39m)[33m;[39
m
     [90m 281 |[39m
    [31m[1m>[22m[
39m[90m 282 |[39m  
   [36mconst[39m 
sweetId [33m=[39m s
weetsRes[33m.[39mbo
dy[[35m0[39m][33m.
[39m_id[33m;[39m
     [90m     
|[39m               
                     
   
[31m[1m^[22m[39m
     [90m 283 |[39m
     [90m 284 
|[39m     
[36mconst[39m res 
[33m=[39m 
[36mawait[39m 
request(app)
     [90m 285 
|[39m       [33m.[
39mpost([32m`/api/sw
eets/${sweetId}/purch
ase`[39m)[0m

      at Object._id (
src/tests/sweets.test
.js:282:39)

  ΓùÅ Sweets API - 
View Sweets ΓÇ║ 
should allow admin 
to restock a sweet 
and increase quantity

    TypeError: 
Cannot read 
properties of 
undefined (reading 
'_id')

    [0m [90m 310 
|[39m       [33m.[
39m[36mset[39m([32
m"Authorization"[39m
[33m,[39m 
[32m`Bearer ${adminT
oken}`[39m)[33m;[3
9m
     [90m 311 
|[39m   
    [31m[1m>[22m[
39m[90m 312 |[39m  
   [36mconst[39m 
sweetId [33m=[39m s
weetsRes[33m.[39mbo
dy[[35m0[39m][33m.
[39m_id[33m;[39m
     [90m     
|[39m               
                     
   
[31m[1m^[22m[39m
     [90m 313 
|[39m   
     [90m 314 
|[39m     
[36mconst[39m 
restockRes 
[33m=[39m 
[36mawait[39m 
request(app)
     [90m 315 
|[39m       [33m.[
39mpost([32m`/api/sw
eets/${sweetId}/resto
ck`[39m)[0m

      at Object._id (
src/tests/sweets.test
.js:312:39)

  ΓùÅ Sweets API - 
View Sweets ΓÇ║ 
should block 
non-admin users from 
restocking sweets

    TypeError: 
Cannot read 
properties of 
undefined (reading 
'_id')

    [0m [90m 351 
|[39m       [33m.[
39m[36mset[39m([32
m"Authorization"[39m
[33m,[39m 
[32m`Bearer ${adminT
oken}`[39m)[33m;[3
9m
     [90m 352 
|[39m   
    [31m[1m>[22m[
39m[90m 353 |[39m  
   [36mconst[39m 
sweetId [33m=[39m s
weetsRes[33m.[39mbo
dy[[35m0[39m][33m.
[39m_id[33m;[39m
     [90m     
|[39m               
                     
   
[31m[1m^[22m[39m
     [90m 354 
|[39m   
     [90m 355 
|[39m     
[36mconst[39m res 
[33m=[39m 
[36mawait[39m 
request(app)
     [90m 356 
|[39m       [33m.[
39mpost([32m`/api/sw
eets/${sweetId}/resto
ck`[39m)[0m

      at Object._id (
src/tests/sweets.test
.js:353:39)

FAIL 
tests/sweets.test.js
  ΓùÅ Console

    console.log
      
[dotenv@17.2.3] 
injecting env (6) 
from .env -- tip: 
ΓÜÖ∩╕Å  override 
existing env vars 
with { override: 
true }

      at _log (node_m
odules/dotenv/lib/mai
n.js:142:11)

  ΓùÅ Sweet Shop API 
- Search Feature ΓÇ║ 
should create sweets 
for testing search

    expect(received).
toBe(expected) // 
Object.is equality

    Expected: 3
    Received: 0

    [0m [90m 67 
|[39m     
[36mconst[39m 
allSweets 
[33m=[39m 
[36mawait[39m [33m
Sweet[39m[33m.[39m
find({ 
name[33m:[39m { 
$regex[33m:[39m [3
2m"SearchTest"[39m 
} })[33m;[39m
     [90m 68 |[39m 
    createdSweetIds 
[33m=[39m allSweets
[33m.[39mmap(s 
[33m=>[39m s[33m.
[39m_id)[33m;[39m
    [31m[1m>[22m[
39m[90m 69 |[39m   
  expect(allSweets[3
3m.[39mlength)[33m.
[39mtoBe([35m3[39m
)[33m;[39m
     [90m    |[39m 
                     
        
[31m[1m^[22m[39m
     [90m 70 |[39m 
  })[33m;[39m
     [90m 71 |[39m
     [90m 72 |[39m 
  [90m// 3. Test: 
Search Logic[39m[0m

      at Object.toBe 
(tests/sweets.test.js
:69:30)

  ΓùÅ Sweet Shop API 
- Search Feature ΓÇ║ 
should filter by name

    expect(received).
toBe(expected) // 
Object.is equality

    Expected: 1
    Received: 0

    [0m [90m 77 
|[39m     
     [90m 78 |[39m 
    expect(res[33m.
[39mstatusCode)[33m.
[39mtoBe([35m200[3
9m)[33m;[39m
    [31m[1m>[22m[
39m[90m 79 |[39m   
  expect(res[33m.[3
9mbody[33m.[39mleng
th)[33m.[39mtoBe([
35m1[39m)[33m;[39m
     [90m    |[39m 
                     
       
[31m[1m^[22m[39m
     [90m 80 |[39m 
    expect(res[33m.
[39mbody[[35m0[39m]
[33m.[39mname)[33m
.[39mtoBe([32m"Sear
chTest Alpha"[39m)[
33m;[39m
     [90m 81 |[39m 
  })[33m;[39m
     [90m 82 
|[39m[0m

      at Object.toBe 
(tests/sweets.test.js
:79:29)

  ΓùÅ Sweet Shop API 
- Search Feature ΓÇ║ 
should filter by 
category

    expect(received).
toBe(expected) // 
Object.is equality

    Expected: 2
    Received: 0

    [0m [90m 87 
|[39m     
     [90m 88 |[39m 
    expect(res[33m.
[39mstatusCode)[33m.
[39mtoBe([35m200[3
9m)[33m;[39m
    [31m[1m>[22m[
39m[90m 89 |[39m   
  expect(res[33m.[3
9mbody[33m.[39mleng
th)[33m.[39mtoBe([
35m2[39m)[33m;[39m
 [90m// Alpha and 
Beta[39m
     [90m    |[39m 
                     
       
[31m[1m^[22m[39m
     [90m 90 |[39m 
  })[33m;[39m
     [90m 91 |[39m
     [90m 92 |[39m 
  it([32m"should 
filter by price range
"[39m[33m,[39m 
[36masync[39m () 
[33m=>[39m {[0m

      at Object.toBe 
(tests/sweets.test.js
:89:29)

  ΓùÅ Sweet Shop API 
- Search Feature ΓÇ║ 
should filter by 
price range

    expect(received).
toBe(expected) // 
Object.is equality

    Expected: 1
    Received: 0

    [0m [90m  96 
|[39m     
     [90m  97 
|[39m     expect(res
[33m.[39mstatusCode
)[33m.[39mtoBe([35
m200[39m)[33m;[39m
    [31m[1m>[22m[
39m[90m  98 |[39m  
   expect(res[33m.[
39mbody[33m.[39mlen
gth)[33m.[39mtoBe(
[35m1[39m)[33m;[39
m
     [90m     
|[39m               
              
[31m[1m^[22m[39m
     [90m  99 
|[39m     expect(res
[33m.[39mbody[[35m
0[39m][33m.[39mnam
e)[33m.[39mtoBe([3
2m"SearchTest Beta"[
39m)[33m;[39m
     [90m 100 
|[39m   
})[33m;[39m
     [90m 101 
|[39m[0m

      at Object.toBe 
(tests/sweets.test.js
:98:29)

FAIL src/tests/auth.m
iddleware.test.js
  ΓùÅ Console

    console.log
      
[dotenv@17.2.3] 
injecting env (6) 
from .env -- tip: 
ΓÜÖ∩╕Å  specify 
custom .env file 
path with { path: 
'/custom/path/.env' }

      at _log (node_m
odules/dotenv/lib/mai
n.js:142:11)

  ΓùÅ Auth 
Middleware ΓÇ║ 
should allow access 
with valid token

    expect(received).
toBe(expected) // 
Object.is equality

    Expected: 200
    Received: 401

    [0m [90m 26 
|[39m       [33m.[
39m[36mset[39m([32
m"Authorization"[39m
[33m,[39m 
[32m`Bearer ${token}
`[39m)[33m;[39m
     [90m 27 |[39m
    [31m[1m>[22m[
39m[90m 28 |[39m   
  expect(res[33m.[3
9mstatusCode)[33m.[
39mtoBe([35m200[39m
)[33m;[39m
     [90m    |[39m 
                     
      
[31m[1m^[22m[39m
     [90m 29 |[39m 
    expect(res[33m.
[39mbody[33m.[39mme
ssage)[33m.[39mtoBe
([32m"Access granted
"[39m)[33m;[39m
     [90m 30 |[39m 
  })[33m;[39m
     [90m 31 |[39m 
})[33m;[39m[0m

      at Object.toBe 
(src/tests/auth.middl
eware.test.js:28:28)

FAIL src/tests/admin.
role.test.js
  ΓùÅ Console

    console.log
      
[dotenv@17.2.3] 
injecting env (6) 
from .env -- tip: 
≡ƒùé∩╕Å backup and 
recover secrets: http
s://dotenvx.com/ops

      at _log (node_m
odules/dotenv/lib/mai
n.js:142:11)

  ΓùÅ Admin Role 
Authorization ΓÇ║ 
should block 
non-admin users

    expect(received).
toBe(expected) // 
Object.is equality

    Expected: 403
    Received: 401

    [0m [90m 16 
|[39m       [33m.[
39m[36mset[39m([32
m"Authorization"[39m
[33m,[39m 
[32m`Bearer ${userTo
ken}`[39m)[33m;[39
m
     [90m 17 |[39m
    [31m[1m>[22m[
39m[90m 18 |[39m   
  expect(res[33m.[3
9mstatusCode)[33m.[
39mtoBe([35m403[39m
)[33m;[39m
     [90m    |[39m 
                     
      
[31m[1m^[22m[39m
     [90m 19 |[39m 
  })[33m;[39m
     [90m 20 |[39m
     [90m 21 |[39m 
  it([32m"should 
allow admin users"[3
9m[33m,[39m 
[36masync[39m () 
[33m=>[39m {[0m

      at Object.toBe 
(src/tests/admin.role
.test.js:18:28)

  ΓùÅ Admin Role 
Authorization ΓÇ║ 
should allow admin 
users

    expect(received).
toBe(expected) // 
Object.is equality

    Expected: 200
    Received: 401

    [0m [90m 29 
|[39m       [33m.[
39m[36mset[39m([32
m"Authorization"[39m
[33m,[39m 
[32m`Bearer ${adminT
oken}`[39m)[33m;[3
9m
     [90m 30 |[39m
    [31m[1m>[22m[
39m[90m 31 |[39m   
  expect(res[33m.[3
9mstatusCode)[33m.[
39mtoBe([35m200[39m
)[33m;[39m
     [90m    |[39m 
                     
      
[31m[1m^[22m[39m
     [90m 32 |[39m 
  })[33m;[39m
     [90m 33 |[39m 
})[33m;[39m
     [90m 34 
|[39m[0m

      at Object.toBe 
(src/tests/admin.role
.test.js:31:28)

PASS src/tests/auth.t
est.js
  ΓùÅ Console

    console.log
      
[dotenv@17.2.3] 
injecting env (6) 
from .env -- tip: 
Γ£à audit secrets 
and track 
compliance: https://d
otenvx.com/ops

      at _log (node_m
odules/dotenv/lib/mai
n.js:142:11)

PASS src/tests/health
.test.js

Test Suites: 4 
failed, 2 passed, 6 
total
Tests:       18 
failed, 11 passed, 
29 total
Snapshots:   0 total
Time:        15.388 
s, estimated 16 s
Ran all test suites.
